Oct 12 00:02:31 ylagtab kernel: [ 7839.062160] clocksource: timekeeping watchdog on CPU1: acpi_pm wd-wd read-back delay of 184939ns
Oct 12 00:02:31 ylagtab kernel: [ 7839.062483] clocksource: wd-tsc-wd read-back delay of 431339ns, clock-skew test skipped!
Oct 12 00:02:32 ylagtab kernel: [ 7840.072089] clocksource: timekeeping watchdog on CPU3: acpi_pm wd-wd read-back delay of 145269ns
Oct 12 00:02:32 ylagtab kernel: [ 7840.072382] clocksource: wd-tsc-wd read-back delay of 448939ns, clock-skew test skipped!
Oct 12 00:02:37 ylagtab kernel: [ 7845.632294] clocksource: timekeeping watchdog on CPU2: acpi_pm wd-wd read-back delay of 113142ns
Oct 12 00:02:37 ylagtab kernel: [ 7845.632356] clocksource: wd-tsc-wd read-back delay of 223492ns, clock-skew test skipped!
Oct 12 00:03:10 ylagtab kernel: [ 7878.587833] clocksource: timekeeping watchdog on CPU0: acpi_pm wd-wd read-back delay of 383568ns
Oct 12 00:03:10 ylagtab kernel: [ 7878.588493] clocksource: wd-tsc-wd read-back delay of 1191492ns, clock-skew test skipped!
Oct 12 00:04:13 ylagtab kernel: [ 7941.063322] clocksource: timekeeping watchdog on CPU1: acpi_pm wd-wd read-back delay of 186336ns
Oct 12 00:04:13 ylagtab kernel: [ 7941.063648] clocksource: wd-tsc-wd read-back delay of 436647ns, clock-skew test skipped!
Oct 12 00:06:26 ylagtab kernel: [ 8074.069779] clocksource: timekeeping watchdog on CPU3: acpi_pm wd-wd read-back delay of 100292ns
Oct 12 00:06:26 ylagtab kernel: [ 8074.069988] clocksource: wd-tsc-wd read-back delay of 310374ns, clock-skew test skipped!
Oct 12 00:06:28 ylagtab kernel: Kernel logging (proc) stopped.
Oct 12 00:06:28 ylagtab kernel: Kernel log daemon terminating.
Oct 12 00:07:04 ylagtab kernel: klogd 1.5.1, log source = /proc/kmsg started.
Oct 12 00:07:04 ylagtab kernel: Cannot find map file.
Oct 12 00:07:04 ylagtab kernel: Loaded 106975 symbols from 1 module.
Oct 12 00:07:04 ylagtab kernel: [    0.000000] Linux version 6.0.0-11161-g041bc24d867a (root@ylagtab) (gcc (GCC) 11.2.0, GNU ld (GNU Binutils) 2.38) #1 SMP PREEMPT_DYNAMIC Tue Oct 11 23:37:43 +01 2022
Oct 12 00:07:04 ylagtab kernel: [    0.000000] Command line: BOOT_IMAGE=/vmlinuz-linus-commit-041bc2 root=/dev/sda5 ro
Oct 12 00:07:04 ylagtab kernel: [    0.000000] [Firmware Bug]: TSC doesn't count with P0 frequency!
Oct 12 00:07:04 ylagtab kernel: [    0.000000] x86/fpu: Supporting XSAVE feature 0x001: 'x87 floating point registers'
Oct 12 00:07:04 ylagtab kernel: [    0.000000] x86/fpu: Supporting XSAVE feature 0x002: 'SSE registers'
Oct 12 00:07:04 ylagtab kernel: [    0.000000] x86/fpu: Supporting XSAVE feature 0x004: 'AVX registers'
Oct 12 00:07:04 ylagtab kernel: [    0.000000] x86/fpu: xstate_offset[2]:  576, xstate_sizes[2]:  256
Oct 12 00:07:04 ylagtab kernel: [    0.000000] x86/fpu: Enabled xstate features 0x7, context size is 832 bytes, using 'standard' format.
Oct 12 00:07:04 ylagtab kernel: [    0.000000] signal: max sigframe size: 1776
Oct 12 00:07:04 ylagtab kernel: [    0.000000] BIOS-provided physical RAM map:
Oct 12 00:07:04 ylagtab kernel: [    0.000000] BIOS-e820: [mem 0x0000000000000000-0x000000000009fbff] usable
Oct 12 00:07:04 ylagtab kernel: [    0.000000] BIOS-e820: [mem 0x000000000009fc00-0x000000000009ffff] reserved
Oct 12 00:07:04 ylagtab kernel: [    0.000000] BIOS-e820: [mem 0x00000000000f0000-0x00000000000fffff] reserved
Oct 12 00:07:04 ylagtab kernel: [    0.000000] BIOS-e820: [mem 0x0000000000100000-0x000000003ffeffff] usable
Oct 12 00:07:04 ylagtab kernel: [    0.000000] BIOS-e820: [mem 0x000000003fff0000-0x000000003fffffff] ACPI data
Oct 12 00:07:04 ylagtab kernel: [    0.000000] BIOS-e820: [mem 0x00000000fec00000-0x00000000fec00fff] reserved
Oct 12 00:07:04 ylagtab kernel: [    0.000000] BIOS-e820: [mem 0x00000000fee00000-0x00000000fee00fff] reserved
Oct 12 00:07:04 ylagtab kernel: [    0.000000] BIOS-e820: [mem 0x00000000fffc0000-0x00000000ffffffff] reserved
Oct 12 00:07:04 ylagtab kernel: [    0.000000] NX (Execute Disable) protection: active
Oct 12 00:07:04 ylagtab kernel: [    0.000000] SMBIOS 2.5 present.
Oct 12 00:07:04 ylagtab kernel: [    0.000000] DMI: innotek GmbH VirtualBox/VirtualBox, BIOS VirtualBox 12/01/2006
Oct 12 00:07:04 ylagtab kernel: [    0.000000] Hypervisor detected: KVM
Oct 12 00:07:04 ylagtab kernel: [    0.000000] kvm-clock: Using msrs 4b564d01 and 4b564d00
Oct 12 00:07:04 ylagtab kernel: [    0.000002] kvm-clock: using sched offset of 5571469781 cycles
Oct 12 00:07:04 ylagtab kernel: [    0.000004] clocksource: kvm-clock: mask: 0xffffffffffffffff max_cycles: 0x1cd42e4dffb, max_idle_ns: 881590591483 ns
Oct 12 00:07:04 ylagtab kernel: [    0.000006] tsc: Detected 2096.048 MHz processor
Oct 12 00:07:04 ylagtab kernel: [    0.000859] e820: update [mem 0x00000000-0x00000fff] usable ==> reserved
Oct 12 00:07:04 ylagtab kernel: [    0.000863] e820: remove [mem 0x000a0000-0x000fffff] usable
Oct 12 00:07:04 ylagtab kernel: [    0.000867] last_pfn = 0x3fff0 max_arch_pfn = 0x400000000
Oct 12 00:07:04 ylagtab kernel: [    0.000880] Disabled
Oct 12 00:07:04 ylagtab kernel: [    0.000881] x86/PAT: MTRRs disabled, skipping PAT initialization too.
Oct 12 00:07:04 ylagtab kernel: [    0.000884] CPU MTRRs all blank - virtualized system.
Oct 12 00:07:04 ylagtab kernel: [    0.000886] x86/PAT: Configuration [0-7]: WB  WT  UC- UC  WB  WT  UC- UC  
Oct 12 00:07:04 ylagtab kernel: [    0.000913] found SMP MP-table at [mem 0x0009fff0-0x0009ffff]
Oct 12 00:07:04 ylagtab kernel: [    0.001045] ACPI: Early table checksum verification disabled
Oct 12 00:07:04 ylagtab kernel: [    0.001050] ACPI: RSDP 0x00000000000E0000 000024 (v02 VBOX  )
Oct 12 00:07:04 ylagtab kernel: [    0.001053] ACPI: XSDT 0x000000003FFF0030 00003C (v01 VBOX   VBOXXSDT 00000001 ASL  00000061)
Oct 12 00:07:04 ylagtab kernel: [    0.001058] ACPI: FACP 0x000000003FFF00F0 0000F4 (v04 VBOX   VBOXFACP 00000001 ASL  00000061)
Oct 12 00:07:04 ylagtab kernel: [    0.001063] ACPI: DSDT 0x000000003FFF0480 002325 (v02 VBOX   VBOXBIOS 00000002 INTL 20200925)
Oct 12 00:07:04 ylagtab kernel: [    0.001065] ACPI: FACS 0x000000003FFF0200 000040
Oct 12 00:07:04 ylagtab kernel: [    0.001067] ACPI: FACS 0x000000003FFF0200 000040
Oct 12 00:07:04 ylagtab kernel: [    0.001068] ACPI: APIC 0x000000003FFF0240 00006C (v02 VBOX   VBOXAPIC 00000001 ASL  00000061)
Oct 12 00:07:04 ylagtab kernel: [    0.001070] ACPI: SSDT 0x000000003FFF02B0 0001CC (v01 VBOX   VBOXCPUT 00000002 INTL 20200925)
Oct 12 00:07:04 ylagtab kernel: [    0.001072] ACPI: Reserving FACP table memory at [mem 0x3fff00f0-0x3fff01e3]
Oct 12 00:07:04 ylagtab kernel: [    0.001073] ACPI: Reserving DSDT table memory at [mem 0x3fff0480-0x3fff27a4]
Oct 12 00:07:04 ylagtab kernel: [    0.001073] ACPI: Reserving FACS table memory at [mem 0x3fff0200-0x3fff023f]
Oct 12 00:07:04 ylagtab kernel: [    0.001074] ACPI: Reserving FACS table memory at [mem 0x3fff0200-0x3fff023f]
Oct 12 00:07:04 ylagtab kernel: [    0.001075] ACPI: Reserving APIC table memory at [mem 0x3fff0240-0x3fff02ab]
Oct 12 00:07:04 ylagtab kernel: [    0.001075] ACPI: Reserving SSDT table memory at [mem 0x3fff02b0-0x3fff047b]
Oct 12 00:07:04 ylagtab kernel: [    0.001256] No NUMA configuration found
Oct 12 00:07:04 ylagtab kernel: [    0.001257] Faking a node at [mem 0x0000000000000000-0x000000003ffeffff]
Oct 12 00:07:04 ylagtab kernel: [    0.001260] NODE_DATA(0) allocated [mem 0x3ffec000-0x3ffeffff]
Oct 12 00:07:04 ylagtab kernel: [    0.001277] Zone ranges:
Oct 12 00:07:04 ylagtab kernel: [    0.001278]   DMA      [mem 0x0000000000001000-0x0000000000ffffff]
Oct 12 00:07:04 ylagtab kernel: [    0.001280]   DMA32    [mem 0x0000000001000000-0x000000003ffeffff]
Oct 12 00:07:04 ylagtab kernel: [    0.001282]   Normal   empty
Oct 12 00:07:04 ylagtab kernel: [    0.001282] Movable zone start for each node
Oct 12 00:07:04 ylagtab kernel: [    0.001283] Early memory node ranges
Oct 12 00:07:04 ylagtab kernel: [    0.001283]   node   0: [mem 0x0000000000001000-0x000000000009efff]
Oct 12 00:07:04 ylagtab kernel: [    0.001284]   node   0: [mem 0x0000000000100000-0x000000003ffeffff]
Oct 12 00:07:04 ylagtab kernel: [    0.001286] Initmem setup node 0 [mem 0x0000000000001000-0x000000003ffeffff]
Oct 12 00:07:04 ylagtab kernel: [    0.002068] On node 0, zone DMA: 1 pages in unavailable ranges
Oct 12 00:07:04 ylagtab kernel: [    0.002092] On node 0, zone DMA: 97 pages in unavailable ranges
Oct 12 00:07:04 ylagtab kernel: [    0.004129] On node 0, zone DMA32: 16 pages in unavailable ranges
Oct 12 00:07:04 ylagtab kernel: [    0.004338] ACPI: PM-Timer IO Port: 0x4008
Oct 12 00:07:04 ylagtab kernel: [    0.004386] IOAPIC[0]: apic_id 4, version 32, address 0xfec00000, GSI 0-23
Oct 12 00:07:04 ylagtab kernel: [    0.004388] ACPI: INT_SRC_OVR (bus 0 bus_irq 0 global_irq 2 dfl dfl)
Oct 12 00:07:04 ylagtab kernel: [    0.004390] ACPI: INT_SRC_OVR (bus 0 bus_irq 9 global_irq 9 low level)
Oct 12 00:07:04 ylagtab kernel: [    0.004392] ACPI: Using ACPI (MADT) for SMP configuration information
Oct 12 00:07:04 ylagtab kernel: [    0.004397] smpboot: Allowing 4 CPUs, 0 hotplug CPUs
Oct 12 00:07:04 ylagtab kernel: [    0.004416] PM: hibernation: Registered nosave memory: [mem 0x00000000-0x00000fff]
Oct 12 00:07:04 ylagtab kernel: [    0.004417] PM: hibernation: Registered nosave memory: [mem 0x0009f000-0x0009ffff]
Oct 12 00:07:04 ylagtab kernel: [    0.004418] PM: hibernation: Registered nosave memory: [mem 0x000a0000-0x000effff]
Oct 12 00:07:04 ylagtab kernel: [    0.004419] PM: hibernation: Registered nosave memory: [mem 0x000f0000-0x000fffff]
Oct 12 00:07:04 ylagtab kernel: [    0.004420] [mem 0x40000000-0xfebfffff] available for PCI devices
Oct 12 00:07:04 ylagtab kernel: [    0.004421] Booting paravirtualized kernel on KVM
Oct 12 00:07:04 ylagtab kernel: [    0.004423] clocksource: refined-jiffies: mask: 0xffffffff max_cycles: 0xffffffff, max_idle_ns: 1910969940391419 ns
Oct 12 00:07:04 ylagtab kernel: [    0.008631] setup_percpu: NR_CPUS:64 nr_cpumask_bits:4 nr_cpu_ids:4 nr_node_ids:1
Oct 12 00:07:04 ylagtab kernel: [    0.009212] percpu: Embedded 53 pages/cpu s176296 r8192 d32600 u524288
Oct 12 00:07:04 ylagtab kernel: [    0.009218] pcpu-alloc: s176296 r8192 d32600 u524288 alloc=1*2097152
Oct 12 00:07:04 ylagtab kernel: [    0.009220] pcpu-alloc: [0] 0 1 2 3 
Oct 12 00:07:04 ylagtab kernel: [    0.009236] Fallback order for Node 0: 0 
Oct 12 00:07:04 ylagtab kernel: [    0.009239] Built 1 zonelists, mobility grouping on.  Total pages: 257776
Oct 12 00:07:04 ylagtab kernel: [    0.009240] Policy zone: DMA32
Oct 12 00:07:04 ylagtab kernel: [    0.009241] Kernel command line: BOOT_IMAGE=/vmlinuz-linus-commit-041bc2 root=/dev/sda5 ro
Oct 12 00:07:04 ylagtab kernel: [    0.009266] Unknown kernel command line parameters "BOOT_IMAGE=/vmlinuz-linus-commit-041bc2", will be passed to user space.
Oct 12 00:07:04 ylagtab kernel: [    0.009295] random: crng init done
Oct 12 00:07:04 ylagtab kernel: [    0.009392] Dentry cache hash table entries: 131072 (order: 8, 1048576 bytes, linear)
Oct 12 00:07:04 ylagtab kernel: [    0.009455] Inode-cache hash table entries: 65536 (order: 7, 524288 bytes, linear)
Oct 12 00:07:04 ylagtab kernel: [    0.009486] mem auto-init: stack:off, heap alloc:off, heap free:off
Oct 12 00:07:04 ylagtab kernel: [    0.011585] Memory: 993512K/1048120K available (16396K kernel code, 2676K rwdata, 4804K rodata, 1540K init, 856K bss, 54348K reserved, 0K cma-reserved)
Oct 12 00:07:04 ylagtab kernel: [    0.011619] SLUB: HWalign=64, Order=0-3, MinObjects=0, CPUs=4, Nodes=1
Oct 12 00:07:04 ylagtab kernel: [    0.012538] Dynamic Preempt: voluntary
Oct 12 00:07:04 ylagtab kernel: [    0.012563] rcu: Preemptible hierarchical RCU implementation.
Oct 12 00:07:04 ylagtab kernel: [    0.012563] rcu: ^IRCU event tracing is enabled.
Oct 12 00:07:04 ylagtab kernel: [    0.012564] rcu: ^IRCU restricting CPUs from NR_CPUS=64 to nr_cpu_ids=4.
Oct 12 00:07:04 ylagtab kernel: [    0.012565] ^ITrampoline variant of Tasks RCU enabled.
Oct 12 00:07:04 ylagtab kernel: [    0.012566] rcu: RCU calculated value of scheduler-enlistment delay is 100 jiffies.
Oct 12 00:07:04 ylagtab kernel: [    0.012566] rcu: Adjusting geometry for rcu_fanout_leaf=16, nr_cpu_ids=4
Oct 12 00:07:04 ylagtab kernel: [    0.013613] NR_IRQS: 4352, nr_irqs: 456, preallocated irqs: 16
Oct 12 00:07:04 ylagtab kernel: [    0.013789] rcu: srcu_init: Setting srcu_struct sizes based on contention.
Oct 12 00:07:04 ylagtab kernel: [    0.017683] Console: colour VGA+ 80x25
Oct 12 00:07:04 ylagtab kernel: [    0.034557] printk: console [tty0] enabled
Oct 12 00:07:04 ylagtab kernel: [    0.034703] ACPI: Core revision 20220331
Oct 12 00:07:04 ylagtab kernel: [    0.034921] APIC: Switch to symmetric I/O mode setup
Oct 12 00:07:04 ylagtab kernel: [    0.035871] ..TIMER: vector=0x30 apic1=0 pin1=2 apic2=-1 pin2=-1
Oct 12 00:07:04 ylagtab kernel: [    0.036054] clocksource: tsc-early: mask: 0xffffffffffffffff max_cycles: 0x1e369b2801c, max_idle_ns: 440795262330 ns
Oct 12 00:07:04 ylagtab kernel: [    0.036337] Calibrating delay loop (skipped) preset value.. 4192.09 BogoMIPS (lpj=2096048)
Oct 12 00:07:04 ylagtab kernel: [    0.036574] pid_max: default: 32768 minimum: 301
Oct 12 00:07:04 ylagtab kernel: [    0.036725] LSM: Security Framework initializing
Oct 12 00:07:04 ylagtab kernel: [    0.036870] SELinux:  Initializing.
Oct 12 00:07:04 ylagtab kernel: [    0.037012] Mount-cache hash table entries: 2048 (order: 2, 16384 bytes, linear)
Oct 12 00:07:04 ylagtab kernel: [    0.037244] Mountpoint-cache hash table entries: 2048 (order: 2, 16384 bytes, linear)
Oct 12 00:07:04 ylagtab kernel: [    0.037332] Last level iTLB entries: 4KB 1024, 2MB 1024, 4MB 512
Oct 12 00:07:04 ylagtab kernel: [    0.037332] Last level dTLB entries: 4KB 2048, 2MB 2048, 4MB 1024, 1GB 0
Oct 12 00:07:04 ylagtab kernel: [    0.037332] Spectre V1 : Mitigation: usercopy/swapgs barriers and __user pointer sanitization
Oct 12 00:07:04 ylagtab kernel: [    0.037332] Spectre V2 : Mitigation: Retpolines
Oct 12 00:07:04 ylagtab kernel: [    0.037332] Spectre V2 : Spectre v2 / SpectreRSB mitigation: Filling RSB on context switch
Oct 12 00:07:04 ylagtab kernel: [    0.037332] Spectre V2 : Spectre v2 / SpectreRSB : Filling RSB on VMEXIT
Oct 12 00:07:04 ylagtab kernel: [    0.037332] RETBleed: Mitigation: untrained return thunk
Oct 12 00:07:04 ylagtab kernel: [    0.037332] Freeing SMP alternatives memory: 44K
Oct 12 00:07:04 ylagtab kernel: [    0.140954] APIC calibration not consistent with PM-Timer: 107ms instead of 100ms
Oct 12 00:07:04 ylagtab kernel: [    0.141179] APIC delta adjusted to PM-Timer: 6307941 (6787636)
Oct 12 00:07:04 ylagtab kernel: [    0.141332] smpboot: CPU0: AMD Ryzen 5 5500U with Radeon Graphics (family: 0x17, model: 0x68, stepping: 0x1)
Oct 12 00:07:04 ylagtab kernel: [    0.141332] cblist_init_generic: Setting adjustable number of callback queues.
Oct 12 00:07:04 ylagtab kernel: [    0.141332] cblist_init_generic: Setting shift to 2 and lim to 1.
Oct 12 00:07:04 ylagtab kernel: [    0.141332] Performance Events: PMU not available due to virtualization, using software events only.
Oct 12 00:07:04 ylagtab kernel: [    0.141332] rcu: Hierarchical SRCU implementation.
Oct 12 00:07:04 ylagtab kernel: [    0.141332] rcu: ^IMax phase no-delay instances is 400.
Oct 12 00:07:04 ylagtab kernel: [    0.141332] smp: Bringing up secondary CPUs ...
Oct 12 00:07:04 ylagtab kernel: [    0.141332] x86: Booting SMP configuration:
Oct 12 00:07:04 ylagtab kernel: [    0.141332] .... node  #0, CPUs:      #1 #2 #3
Oct 12 00:07:04 ylagtab kernel: [    0.144430] smp: Brought up 1 node, 4 CPUs
Oct 12 00:07:04 ylagtab kernel: [    0.145336] smpboot: Max logical packages: 1
Oct 12 00:07:04 ylagtab kernel: [    0.145474] smpboot: Total of 4 processors activated (16768.38 BogoMIPS)
Oct 12 00:07:04 ylagtab kernel: [    0.145884] devtmpfs: initialized
Oct 12 00:07:04 ylagtab kernel: [    0.146538] clocksource: jiffies: mask: 0xffffffff max_cycles: 0xffffffff, max_idle_ns: 1911260446275000 ns
Oct 12 00:07:04 ylagtab kernel: [    0.146682] futex hash table entries: 1024 (order: 4, 65536 bytes, linear)
Oct 12 00:07:04 ylagtab kernel: [    0.147343] PM: RTC time: 00:06:55, date: 2022-10-12
Oct 12 00:07:04 ylagtab kernel: [    0.147626] NET: Registered PF_NETLINK/PF_ROUTE protocol family
Oct 12 00:07:04 ylagtab kernel: [    0.147874] audit: initializing netlink subsys (disabled)
Oct 12 00:07:04 ylagtab kernel: [    0.148338] audit: type=2000 audit(1665533222.394:1): state=initialized audit_enabled=0 res=1
Oct 12 00:07:04 ylagtab kernel: [    0.148401] thermal_sys: Registered thermal governor 'step_wise'
Oct 12 00:07:04 ylagtab kernel: [    0.148909] thermal_sys: Registered thermal governor 'user_space'
Oct 12 00:07:04 ylagtab kernel: [    0.149109] cpuidle: using governor menu
Oct 12 00:07:04 ylagtab kernel: [    0.149616] PCI: Using configuration type 1 for base access
Oct 12 00:07:04 ylagtab kernel: [    0.149616] PCI: Using configuration type 1 for extended access
Oct 12 00:07:04 ylagtab kernel: [    0.152117] kprobes: kprobe jump-optimization is enabled. All kprobes are optimized if possible.
Oct 12 00:07:04 ylagtab kernel: [    0.152402] HugeTLB: registered 2.00 MiB page size, pre-allocated 0 pages
Oct 12 00:07:04 ylagtab kernel: [    0.152601] HugeTLB: 28 KiB vmemmap can be freed for a 2.00 MiB page
Oct 12 00:07:04 ylagtab kernel: [    0.153391] ACPI: Added _OSI(Module Device)
Oct 12 00:07:04 ylagtab kernel: [    0.153568] ACPI: Added _OSI(Processor Device)
Oct 12 00:07:04 ylagtab kernel: [    0.153763] ACPI: Added _OSI(3.0 _SCP Extensions)
Oct 12 00:07:04 ylagtab kernel: [    0.154343] ACPI: Added _OSI(Processor Aggregator Device)
Oct 12 00:07:04 ylagtab kernel: [    0.155816] ACPI: 2 ACPI AML tables successfully acquired and loaded
Oct 12 00:07:04 ylagtab kernel: [    0.249164] ACPI: Interpreter enabled
Oct 12 00:07:04 ylagtab kernel: [    0.249164] ACPI: PM: (supports S0 S5)
Oct 12 00:07:04 ylagtab kernel: [    0.249164] ACPI: Using IOAPIC for interrupt routing
Oct 12 00:07:04 ylagtab kernel: [    0.249328] PCI: Using host bridge windows from ACPI; if necessary, use "pci=nocrs" and report a bug
Oct 12 00:07:04 ylagtab kernel: [    0.250333] PCI: Using E820 reservations for host bridge windows
Oct 12 00:07:04 ylagtab kernel: [    0.250575] ACPI: Enabled 2 GPEs in block 00 to 07
Oct 12 00:07:04 ylagtab kernel: [    0.252367] ACPI: PCI Root Bridge [PCI0] (domain 0000 [bus 00-ff])
Oct 12 00:07:04 ylagtab kernel: [    0.252546] acpi PNP0A03:00: _OSC: OS supports [ExtendedConfig ASPM ClockPM Segments MSI HPX-Type3]
Oct 12 00:07:04 ylagtab kernel: [    0.253024] acpi PNP0A03:00: _OSC: platform does not support [PCIeCapability LTR]
Oct 12 00:07:04 ylagtab kernel: [    0.253458] acpi PNP0A03:00: _OSC: not requesting control; platform does not support [PCIeCapability]
Oct 12 00:07:04 ylagtab kernel: [    0.253717] acpi PNP0A03:00: _OSC: OS requested [PME PCIeCapability LTR]
Oct 12 00:07:04 ylagtab kernel: [    0.253895] acpi PNP0A03:00: _OSC: platform willing to grant [PME]
Oct 12 00:07:04 ylagtab kernel: [    0.254064] acpi PNP0A03:00: _OSC: platform retains control of PCIe features (AE_SUPPORT)
Oct 12 00:07:04 ylagtab kernel: [    0.254332] PCI host bridge to bus 0000:00
Oct 12 00:07:04 ylagtab kernel: [    0.255334] pci_bus 0000:00: root bus resource [io  0x0000-0x0cf7 window]
Oct 12 00:07:04 ylagtab kernel: [    0.255519] pci_bus 0000:00: root bus resource [io  0x0d00-0xffff window]
Oct 12 00:07:04 ylagtab kernel: [    0.255697] pci_bus 0000:00: root bus resource [mem 0x000a0000-0x000bffff window]
Oct 12 00:07:04 ylagtab kernel: [    0.255926] pci_bus 0000:00: root bus resource [mem 0x40000000-0xfdffffff window]
Oct 12 00:07:04 ylagtab kernel: [    0.256151] pci_bus 0000:00: root bus resource [bus 00-ff]
Oct 12 00:07:04 ylagtab kernel: [    0.256476] pci 0000:00:00.0: [8086:1237] type 00 class 0x060000
Oct 12 00:07:04 ylagtab kernel: [    0.256854] pci 0000:00:01.0: [8086:7000] type 00 class 0x060100
Oct 12 00:07:04 ylagtab kernel: [    0.256854] pci 0000:00:01.1: [8086:7111] type 00 class 0x01018a
Oct 12 00:07:04 ylagtab kernel: [    0.256854] pci 0000:00:01.1: reg 0x20: [io  0xd000-0xd00f]
Oct 12 00:07:04 ylagtab kernel: [    0.257003] pci 0000:00:01.1: legacy IDE quirk: reg 0x10: [io  0x01f0-0x01f7]
Oct 12 00:07:04 ylagtab kernel: [    0.257186] pci 0000:00:01.1: legacy IDE quirk: reg 0x14: [io  0x03f6]
Oct 12 00:07:04 ylagtab kernel: [    0.258334] pci 0000:00:01.1: legacy IDE quirk: reg 0x18: [io  0x0170-0x0177]
Oct 12 00:07:04 ylagtab kernel: [    0.258520] pci 0000:00:01.1: legacy IDE quirk: reg 0x1c: [io  0x0376]
Oct 12 00:07:04 ylagtab kernel: [    0.258768] pci 0000:00:02.0: [15ad:0405] type 00 class 0x030000
Oct 12 00:07:04 ylagtab kernel: [    0.259338] pci 0000:00:02.0: reg 0x10: [io  0xd010-0xd01f]
Oct 12 00:07:04 ylagtab kernel: [    0.260334] pci 0000:00:02.0: reg 0x14: [mem 0xe0000000-0xe7ffffff pref]
Oct 12 00:07:04 ylagtab kernel: [    0.263343] pci 0000:00:02.0: reg 0x18: [mem 0xf0000000-0xf01fffff]
Oct 12 00:07:04 ylagtab kernel: [    0.270415] pci 0000:00:02.0: Video device with shadowed ROM at [mem 0x000c0000-0x000dffff]
Oct 12 00:07:04 ylagtab kernel: [    0.271483] pci 0000:00:03.0: [8086:100e] type 00 class 0x020000
Oct 12 00:07:04 ylagtab kernel: [    0.271483] pci 0000:00:03.0: reg 0x10: [mem 0xf0200000-0xf021ffff]
Oct 12 00:07:04 ylagtab kernel: [    0.273356] pci 0000:00:03.0: reg 0x18: [io  0xd020-0xd027]
Oct 12 00:07:04 ylagtab kernel: [    0.275598] pci 0000:00:04.0: [80ee:cafe] type 00 class 0x088000
Oct 12 00:07:04 ylagtab kernel: [    0.276373] pci 0000:00:04.0: reg 0x10: [io  0xd040-0xd05f]
Oct 12 00:07:04 ylagtab kernel: [    0.277039] pci 0000:00:04.0: reg 0x14: [mem 0xf0400000-0xf07fffff]
Oct 12 00:07:04 ylagtab kernel: [    0.278360] pci 0000:00:04.0: reg 0x18: [mem 0xf0800000-0xf0803fff pref]
Oct 12 00:07:04 ylagtab kernel: [    0.281016] pci 0000:00:05.0: [8086:2415] type 00 class 0x040100
Oct 12 00:07:04 ylagtab kernel: [    0.281254] pci 0000:00:05.0: reg 0x10: [io  0xd100-0xd1ff]
Oct 12 00:07:04 ylagtab kernel: [    0.281360] pci 0000:00:05.0: reg 0x14: [io  0xd200-0xd23f]
Oct 12 00:07:04 ylagtab kernel: [    0.281719] pci 0000:00:06.0: [106b:003f] type 00 class 0x0c0310
Oct 12 00:07:04 ylagtab kernel: [    0.282360] pci 0000:00:06.0: reg 0x10: [mem 0xf0804000-0xf0804fff]
Oct 12 00:07:04 ylagtab kernel: [    0.287699] pci 0000:00:07.0: [8086:7113] type 00 class 0x068000
Oct 12 00:07:04 ylagtab kernel: [    0.287699] pci 0000:00:07.0: quirk: [io  0x4000-0x403f] claimed by PIIX4 ACPI
Oct 12 00:07:04 ylagtab kernel: [    0.287731] pci 0000:00:07.0: quirk: [io  0x4100-0x410f] claimed by PIIX4 SMB
Oct 12 00:07:04 ylagtab kernel: [    0.288034] pci 0000:00:0d.0: [8086:2829] type 00 class 0x010601
Oct 12 00:07:04 ylagtab kernel: [    0.289399] pci 0000:00:0d.0: reg 0x10: [io  0xd240-0xd247]
Oct 12 00:07:04 ylagtab kernel: [    0.291417] pci 0000:00:0d.0: reg 0x14: [io  0xd248-0xd24b]
Oct 12 00:07:04 ylagtab kernel: [    0.292399] pci 0000:00:0d.0: reg 0x18: [io  0xd250-0xd257]
Oct 12 00:07:04 ylagtab kernel: [    0.293401] pci 0000:00:0d.0: reg 0x1c: [io  0xd258-0xd25b]
Oct 12 00:07:04 ylagtab kernel: [    0.294425] pci 0000:00:0d.0: reg 0x20: [io  0xd260-0xd26f]
Oct 12 00:07:04 ylagtab kernel: [    0.295410] pci 0000:00:0d.0: reg 0x24: [mem 0xf0806000-0xf0807fff]
Oct 12 00:07:04 ylagtab kernel: [    0.298907] ACPI: PCI: Interrupt link LNKA configured for IRQ 11
Oct 12 00:07:04 ylagtab kernel: [    0.299639] ACPI: PCI: Interrupt link LNKB configured for IRQ 10
Oct 12 00:07:04 ylagtab kernel: [    0.300145] ACPI: PCI: Interrupt link LNKC configured for IRQ 9
Oct 12 00:07:04 ylagtab kernel: [    0.300443] ACPI: PCI: Interrupt link LNKD configured for IRQ 11
Oct 12 00:07:04 ylagtab kernel: [    0.301020] iommu: Default domain type: Translated 
Oct 12 00:07:04 ylagtab kernel: [    0.301335] iommu: DMA domain TLB invalidation policy: lazy mode 
Oct 12 00:07:04 ylagtab kernel: [    0.301900] SCSI subsystem initialized
Oct 12 00:07:04 ylagtab kernel: [    0.302381] libata version 3.00 loaded.
Oct 12 00:07:04 ylagtab kernel: [    0.302410] ACPI: bus type USB registered
Oct 12 00:07:04 ylagtab kernel: [    0.302738] usbcore: registered new interface driver usbfs
Oct 12 00:07:04 ylagtab kernel: [    0.303365] usbcore: registered new interface driver hub
Oct 12 00:07:04 ylagtab kernel: [    0.303713] usbcore: registered new device driver usb
Oct 12 00:07:04 ylagtab kernel: [    0.304063] pps_core: LinuxPPS API ver. 1 registered
Oct 12 00:07:04 ylagtab kernel: [    0.304334] pps_core: Software ver. 5.3.6 - Copyright 2005-2007 Rodolfo Giometti <giometti@linux.it>
Oct 12 00:07:04 ylagtab kernel: [    0.304887] PTP clock support registered
Oct 12 00:07:04 ylagtab kernel: [    0.305413] Advanced Linux Sound Architecture Driver Initialized.
Oct 12 00:07:04 ylagtab kernel: [    0.306040] NetLabel: Initializing
Oct 12 00:07:04 ylagtab kernel: [    0.306332] NetLabel:  domain hash size = 128
Oct 12 00:07:04 ylagtab kernel: [    0.306332] NetLabel:  protocols = UNLABELED CIPSOv4 CALIPSO
Oct 12 00:07:04 ylagtab kernel: [    0.306332] NetLabel:  unlabeled traffic allowed by default
Oct 12 00:07:04 ylagtab kernel: [    0.306392] PCI: Using ACPI for IRQ routing
Oct 12 00:07:04 ylagtab kernel: [    0.306672] PCI: pci_cache_line_size set to 64 bytes
Oct 12 00:07:04 ylagtab kernel: [    0.306846] e820: reserve RAM buffer [mem 0x0009fc00-0x0009ffff]
Oct 12 00:07:04 ylagtab kernel: [    0.306850] e820: reserve RAM buffer [mem 0x3fff0000-0x3fffffff]
Oct 12 00:07:04 ylagtab kernel: [    0.306899] pci 0000:00:02.0: vgaarb: setting as boot VGA device
Oct 12 00:07:04 ylagtab kernel: [    0.306899] pci 0000:00:02.0: vgaarb: bridge control possible
Oct 12 00:07:04 ylagtab kernel: [    0.307147] pci 0000:00:02.0: vgaarb: VGA device added: decodes=io+mem,owns=io+mem,locks=none
Oct 12 00:07:04 ylagtab kernel: [    0.307332] vgaarb: loaded
Oct 12 00:07:04 ylagtab kernel: [    0.307332] clocksource: Switched to clocksource kvm-clock
Oct 12 00:07:04 ylagtab kernel: [    0.307969] VFS: Disk quotas dquot_6.6.0
Oct 12 00:07:04 ylagtab kernel: [    0.321158] VFS: Dquot-cache hash table entries: 512 (order 0, 4096 bytes)
Oct 12 00:07:04 ylagtab kernel: [    0.321660] pnp: PnP ACPI init
Oct 12 00:07:04 ylagtab kernel: [    0.322099] pnp: PnP ACPI: found 2 devices
Oct 12 00:07:04 ylagtab kernel: [    0.336037] clocksource: acpi_pm: mask: 0xffffff max_cycles: 0xffffff, max_idle_ns: 2085701024 ns
Oct 12 00:07:04 ylagtab kernel: [    0.336331] NET: Registered PF_INET protocol family
Oct 12 00:07:04 ylagtab kernel: [    0.336510] IP idents hash table entries: 16384 (order: 5, 131072 bytes, linear)
Oct 12 00:07:04 ylagtab kernel: [    0.336916] tcp_listen_portaddr_hash hash table entries: 512 (order: 1, 8192 bytes, linear)
Oct 12 00:07:04 ylagtab kernel: [    0.337033] Table-perturb hash table entries: 65536 (order: 6, 262144 bytes, linear)
Oct 12 00:07:04 ylagtab kernel: [    0.337033] TCP established hash table entries: 8192 (order: 4, 65536 bytes, linear)
Oct 12 00:07:04 ylagtab kernel: [    0.337033] TCP bind hash table entries: 8192 (order: 6, 262144 bytes, linear)
Oct 12 00:07:04 ylagtab kernel: [    0.337033] TCP: Hash tables configured (established 8192 bind 8192)
Oct 12 00:07:04 ylagtab kernel: [    0.337033] UDP hash table entries: 512 (order: 2, 16384 bytes, linear)
Oct 12 00:07:04 ylagtab kernel: [    0.337033] UDP-Lite hash table entries: 512 (order: 2, 16384 bytes, linear)
Oct 12 00:07:04 ylagtab kernel: [    0.337033] NET: Registered PF_UNIX/PF_LOCAL protocol family
Oct 12 00:07:04 ylagtab kernel: [    0.339167] RPC: Registered named UNIX socket transport module.
Oct 12 00:07:04 ylagtab kernel: [    0.339365] RPC: Registered udp transport module.
Oct 12 00:07:04 ylagtab kernel: [    0.339507] RPC: Registered tcp transport module.
Oct 12 00:07:04 ylagtab kernel: [    0.339645] RPC: Registered tcp NFSv4.1 backchannel transport module.
Oct 12 00:07:04 ylagtab kernel: [    0.340161] pci_bus 0000:00: resource 4 [io  0x0000-0x0cf7 window]
Oct 12 00:07:04 ylagtab kernel: [    0.340351] pci_bus 0000:00: resource 5 [io  0x0d00-0xffff window]
Oct 12 00:07:04 ylagtab kernel: [    0.340554] pci_bus 0000:00: resource 6 [mem 0x000a0000-0x000bffff window]
Oct 12 00:07:04 ylagtab kernel: [    0.340738] pci_bus 0000:00: resource 7 [mem 0x40000000-0xfdffffff window]
Oct 12 00:07:04 ylagtab kernel: [    0.340968] pci 0000:00:00.0: Limiting direct PCI/PCI transfers
Oct 12 00:07:04 ylagtab kernel: [    0.341340] PCI: CLS 0 bytes, default 64
Oct 12 00:07:04 ylagtab kernel: [    0.341340] clocksource: tsc: mask: 0xffffffffffffffff max_cycles: 0x1e369b2801c, max_idle_ns: 440795262330 ns
Oct 12 00:07:04 ylagtab kernel: [    0.342886] clocksource: Switched to clocksource tsc
Oct 12 00:07:04 ylagtab kernel: [    0.343134] platform rtc_cmos: registered platform RTC device (no PNP device found)
Oct 12 00:07:04 ylagtab kernel: [    0.344925] Initialise system trusted keyrings
Oct 12 00:07:04 ylagtab kernel: [    0.345286] workingset: timestamp_bits=56 max_order=18 bucket_order=0
Oct 12 00:07:04 ylagtab kernel: [    0.346796] NFS: Registering the id_resolver key type
Oct 12 00:07:04 ylagtab kernel: [    0.346952] Key type id_resolver registered
Oct 12 00:07:04 ylagtab kernel: [    0.347085] Key type id_legacy registered
Oct 12 00:07:04 ylagtab kernel: [    0.347310] 9p: Installing v9fs 9p2000 file system support
Oct 12 00:07:04 ylagtab kernel: [    0.349364] Key type asymmetric registered
Oct 12 00:07:04 ylagtab kernel: [    0.349364] Asymmetric key parser 'x509' registered
Oct 12 00:07:04 ylagtab kernel: [    0.349364] Block layer SCSI generic (bsg) driver version 0.4 loaded (major 251)
Oct 12 00:07:04 ylagtab kernel: [    0.349364] io scheduler mq-deadline registered
Oct 12 00:07:04 ylagtab kernel: [    0.349364] io scheduler kyber registered
Oct 12 00:07:04 ylagtab kernel: [    0.351893] ACPI: AC: AC Adapter [AC] (off-line)
Oct 12 00:07:04 ylagtab kernel: [    0.352094] input: Power Button as /devices/LNXSYSTM:00/LNXPWRBN:00/input/input0
Oct 12 00:07:04 ylagtab kernel: [    0.352447] ACPI: button: Power Button [PWRF]
Oct 12 00:07:04 ylagtab kernel: [    0.352629] input: Sleep Button as /devices/LNXSYSTM:00/LNXSLPBN:00/input/input1
Oct 12 00:07:04 ylagtab kernel: [    0.352873] ACPI: button: Sleep Button [SLPF]
Oct 12 00:07:04 ylagtab kernel: [    0.353084] ACPI: video: Video Device [GFX0] (multi-head: yes  rom: no  post: no)
Oct 12 00:07:04 ylagtab kernel: [    0.353363] input: Video Bus as /devices/LNXSYSTM:00/LNXSYBUS:00/PNP0A03:00/LNXVIDEO:00/input/input2
Oct 12 00:07:04 ylagtab kernel: [    0.354030] Serial: 8250/16550 driver, 4 ports, IRQ sharing enabled
Oct 12 00:07:04 ylagtab kernel: [    0.355058] ACPI: battery: Slot [BAT0] (battery present)
Oct 12 00:07:04 ylagtab kernel: [    0.355132] Non-volatile memory driver v1.3
Oct 12 00:07:04 ylagtab kernel: [    0.355620] Linux agpgart interface v0.103
Oct 12 00:07:04 ylagtab kernel: [    0.355801] ACPI: bus type drm_connector registered
Oct 12 00:07:04 ylagtab kernel: [    0.357883] loop: module loaded
Oct 12 00:07:04 ylagtab kernel: [    0.358062] ahci 0000:00:0d.0: version 3.0
Oct 12 00:07:04 ylagtab kernel: [    0.358476] ahci 0000:00:0d.0: SSS flag set, parallel bus scan disabled
Oct 12 00:07:04 ylagtab kernel: [    0.358748] ahci 0000:00:0d.0: AHCI 0001.0100 32 slots 1 ports 3 Gbps 0x1 impl SATA mode
Oct 12 00:07:04 ylagtab kernel: [    0.358995] ahci 0000:00:0d.0: flags: 64bit ncq stag only ccc 
Oct 12 00:07:04 ylagtab kernel: [    0.360214] scsi host0: ahci
Oct 12 00:07:04 ylagtab kernel: [    0.360475] ata1: SATA max UDMA/133 abar m8192@0xf0806000 port 0xf0806100 irq 21
Oct 12 00:07:04 ylagtab kernel: [    0.360758] ata_piix 0000:00:01.1: version 2.13
Oct 12 00:07:04 ylagtab kernel: [    0.361325] scsi host1: ata_piix
Oct 12 00:07:04 ylagtab kernel: [    0.361780] scsi host2: ata_piix
Oct 12 00:07:04 ylagtab kernel: [    0.361928] ata2: PATA max UDMA/33 cmd 0x1f0 ctl 0x3f6 bmdma 0xd000 irq 14
Oct 12 00:07:04 ylagtab kernel: [    0.362174] ata3: PATA max UDMA/33 cmd 0x170 ctl 0x376 bmdma 0xd008 irq 15
Oct 12 00:07:04 ylagtab kernel: [    0.362752] e100: Intel(R) PRO/100 Network Driver
Oct 12 00:07:04 ylagtab kernel: [    0.362955] e100: Copyright(c) 1999-2006 Intel Corporation
Oct 12 00:07:04 ylagtab kernel: [    0.363132] e1000: Intel(R) PRO/1000 Network Driver
Oct 12 00:07:04 ylagtab kernel: [    0.363277] e1000: Copyright (c) 1999-2006 Intel Corporation.
Oct 12 00:07:04 ylagtab kernel: [    0.677655] e1000 0000:00:03.0 eth0: (PCI:33MHz:32-bit) 08:00:27:a6:b8:f0
Oct 12 00:07:04 ylagtab kernel: [    0.677655] e1000 0000:00:03.0 eth0: Intel(R) PRO/1000 Network Connection
Oct 12 00:07:04 ylagtab kernel: [    0.677655] e1000e: Intel(R) PRO/1000 Network Driver
Oct 12 00:07:04 ylagtab kernel: [    0.677655] e1000e: Copyright(c) 1999 - 2015 Intel Corporation.
Oct 12 00:07:04 ylagtab kernel: [    0.677655] sky2: driver version 1.30
Oct 12 00:07:04 ylagtab kernel: [    0.688594] ohci-pci 0000:00:06.0: OHCI PCI host controller
Oct 12 00:07:04 ylagtab kernel: [    0.689314] ohci-pci 0000:00:06.0: new USB bus registered, assigned bus number 1
Oct 12 00:07:04 ylagtab kernel: [    0.689757] ohci-pci 0000:00:06.0: irq 22, io mem 0xf0804000
Oct 12 00:07:04 ylagtab kernel: [    0.700724] ata3.00: ATAPI: VBOX CD-ROM, 1.0, max UDMA/133
Oct 12 00:07:04 ylagtab kernel: [    0.753054] usb usb1: New USB device found, idVendor=1d6b, idProduct=0001, bcdDevice= 6.00
Oct 12 00:07:04 ylagtab kernel: [    0.753346] usb usb1: New USB device strings: Mfr=3, Product=2, SerialNumber=1
Oct 12 00:07:04 ylagtab kernel: [    0.753346] usb usb1: Product: OHCI PCI host controller
Oct 12 00:07:04 ylagtab kernel: [    0.755979] usb usb1: Manufacturer: Linux 6.0.0-11161-g041bc24d867a ohci_hcd
Oct 12 00:07:04 ylagtab kernel: [    0.756540] usb usb1: SerialNumber: 0000:00:06.0
Oct 12 00:07:04 ylagtab kernel: [    0.756842] hub 1-0:1.0: USB hub found
Oct 12 00:07:04 ylagtab kernel: [    0.756975] hub 1-0:1.0: 12 ports detected
Oct 12 00:07:04 ylagtab kernel: [    0.757423] usbcore: registered new interface driver usblp
Oct 12 00:07:04 ylagtab kernel: [    0.757638] usbcore: registered new interface driver usb-storage
Oct 12 00:07:04 ylagtab kernel: [    0.757792] i8042: PNP: PS/2 Controller [PNP0303:PS2K,PNP0f03:PS2M] at 0x60,0x64 irq 1,12
Oct 12 00:07:04 ylagtab kernel: [    0.758497] serio: i8042 KBD port at 0x60,0x64 irq 1
Oct 12 00:07:04 ylagtab kernel: [    0.758656] serio: i8042 AUX port at 0x60,0x64 irq 12
Oct 12 00:07:04 ylagtab kernel: [    0.759785] input: AT Translated Set 2 keyboard as /devices/platform/i8042/serio0/input/input3
Oct 12 00:07:04 ylagtab kernel: [    0.760224] rtc_cmos rtc_cmos: registered as rtc0
Oct 12 00:07:04 ylagtab kernel: [    0.760501] rtc_cmos rtc_cmos: alarms up to one day, 114 bytes nvram
Oct 12 00:07:04 ylagtab kernel: [    0.760742] fail to initialize ptp_kvm
Oct 12 00:07:04 ylagtab kernel: [    0.760914] device-mapper: ioctl: 4.47.0-ioctl (2022-07-28) initialised: dm-devel@redhat.com
Oct 12 00:07:04 ylagtab kernel: [    0.762790] hid: raw HID events driver (C) Jiri Kosina
Oct 12 00:07:04 ylagtab kernel: [    0.763461] usbcore: registered new interface driver usbhid
Oct 12 00:07:04 ylagtab kernel: [    0.763840] usbhid: USB HID core driver
Oct 12 00:07:04 ylagtab kernel: [    0.764926] Initializing XFRM netlink socket
Oct 12 00:07:04 ylagtab kernel: [    0.765417] NET: Registered PF_INET6 protocol family
Oct 12 00:07:04 ylagtab kernel: [    0.766477] Segment Routing with IPv6
Oct 12 00:07:04 ylagtab kernel: [    0.766789] In-situ OAM (IOAM) with IPv6
Oct 12 00:07:04 ylagtab kernel: [    0.767141] sit: IPv6, IPv4 and MPLS over IPv4 tunneling driver
Oct 12 00:07:04 ylagtab kernel: [    0.767360] NET: Registered PF_PACKET protocol family
Oct 12 00:07:04 ylagtab kernel: [    0.767360] 9pnet: Installing 9P2000 support
Oct 12 00:07:04 ylagtab kernel: [    0.767360] Key type dns_resolver registered
Oct 12 00:07:04 ylagtab kernel: [    0.769337] IPI shorthand broadcast: enabled
Oct 12 00:07:04 ylagtab kernel: [    0.769665] sched_clock: Marking stable (746902098, 22348738)->(784058420, -14807584)
Oct 12 00:07:04 ylagtab kernel: [    0.770521] registered taskstats version 1
Oct 12 00:07:04 ylagtab kernel: [    0.770847] Loading compiled-in X.509 certificates
Oct 12 00:07:04 ylagtab kernel: [    0.771578] cryptomgr_test (66) used greatest stack depth: 15528 bytes left
Oct 12 00:07:04 ylagtab kernel: [    0.774888] PM:   Magic number: 10:985:101
Oct 12 00:07:04 ylagtab kernel: [    0.775062] printk: console [netcon0] enabled
Oct 12 00:07:04 ylagtab kernel: [    0.775202] netconsole: network logging started
Oct 12 00:07:04 ylagtab kernel: [    0.775510] cfg80211: Loading compiled-in X.509 certificates for regulatory database
Oct 12 00:07:04 ylagtab kernel: [    0.775890] kworker/u8:4 (89) used greatest stack depth: 14776 bytes left
Oct 12 00:07:04 ylagtab kernel: [    0.776681] cfg80211: Loaded X.509 cert 'sforshee: 00b28ddf47aef9cea7'
Oct 12 00:07:04 ylagtab kernel: [    0.776873] ALSA device list:
Oct 12 00:07:04 ylagtab kernel: [    0.776989]   No soundcards found.
Oct 12 00:07:04 ylagtab kernel: [    0.777169] platform regulatory.0: Direct firmware load for regulatory.db failed with error -2
Oct 12 00:07:04 ylagtab kernel: [    0.777493] cfg80211: failed to load regulatory.db
Oct 12 00:07:04 ylagtab kernel: [    0.790779] ata1: SATA link up 3.0 Gbps (SStatus 123 SControl 300)
Oct 12 00:07:04 ylagtab kernel: [    0.791081] ata1.00: ATA-6: VBOX HARDDISK, 1.0, max UDMA/133
Oct 12 00:07:04 ylagtab kernel: [    0.791262] ata1.00: 79691776 sectors, multi 128: LBA48 NCQ (depth 32)
Oct 12 00:07:04 ylagtab kernel: [    0.791749] ata1.00: configured for UDMA/133
Oct 12 00:07:04 ylagtab kernel: [    0.792180] scsi 0:0:0:0: Direct-Access     ATA      VBOX HARDDISK    1.0  PQ: 0 ANSI: 5
Oct 12 00:07:04 ylagtab kernel: [    0.793382] sd 0:0:0:0: [sda] 79691776 512-byte logical blocks: (40.8 GB/38.0 GiB)
Oct 12 00:07:04 ylagtab kernel: [    0.793384] sd 0:0:0:0: Attached scsi generic sg0 type 0
Oct 12 00:07:04 ylagtab kernel: [    0.793654] sd 0:0:0:0: [sda] Write Protect is off
Oct 12 00:07:04 ylagtab kernel: [    0.794202] sd 0:0:0:0: [sda] Mode Sense: 00 3a 00 00
Oct 12 00:07:04 ylagtab kernel: [    0.794254] sd 0:0:0:0: [sda] Write cache: enabled, read cache: enabled, doesn't support DPO or FUA
Oct 12 00:07:04 ylagtab kernel: [    0.794411] scsi 2:0:0:0: CD-ROM            VBOX     CD-ROM           1.0  PQ: 0 ANSI: 5
Oct 12 00:07:04 ylagtab kernel: [    0.794681] sd 0:0:0:0: [sda] Preferred minimum I/O size 512 bytes
Oct 12 00:07:04 ylagtab kernel: [    0.803258]  sda: sda1 sda2 < sda5 sda6 > sda3
Oct 12 00:07:04 ylagtab kernel: [    0.804548] sd 0:0:0:0: [sda] Attached SCSI disk
Oct 12 00:07:04 ylagtab kernel: [    0.859585] sr 2:0:0:0: [sr0] scsi3-mmc drive: 32x/32x xa/form2 tray
Oct 12 00:07:04 ylagtab kernel: [    0.860105] cdrom: Uniform CD-ROM driver Revision: 3.20
Oct 12 00:07:04 ylagtab kernel: [    0.914774] sr 2:0:0:0: Attached scsi CD-ROM sr0
Oct 12 00:07:04 ylagtab kernel: [    0.915429] sr 2:0:0:0: Attached scsi generic sg1 type 5
Oct 12 00:07:04 ylagtab kernel: [    1.204419] input: ImExPS/2 Generic Explorer Mouse as /devices/platform/i8042/serio1/input/input5
Oct 12 00:07:04 ylagtab kernel: [    1.205658] md: Waiting for all devices to be available before autodetect
Oct 12 00:07:04 ylagtab kernel: [    1.205902] md: If you don't use raid, use raid=noautodetect
Oct 12 00:07:04 ylagtab kernel: [    1.206114] md: Autodetecting RAID arrays.
Oct 12 00:07:04 ylagtab kernel: [    1.206286] md: autorun ...
Oct 12 00:07:04 ylagtab kernel: [    1.206435] md: ... autorun DONE.
Oct 12 00:07:04 ylagtab kernel: [    1.217146] EXT4-fs (sda5): mounted filesystem with ordered data mode. Quota mode: none.
Oct 12 00:07:04 ylagtab kernel: [    1.217452] VFS: Mounted root (ext4 filesystem) readonly on device 8:5.
Oct 12 00:07:04 ylagtab kernel: [    1.218910] devtmpfs: mounted
Oct 12 00:07:04 ylagtab kernel: [    1.219742] Freeing unused kernel image (initmem) memory: 1540K
Oct 12 00:07:04 ylagtab kernel: [    1.238112] Write protecting the kernel read-only data: 24576k
Oct 12 00:07:04 ylagtab kernel: [    1.239994] Freeing unused kernel image (text/rodata gap) memory: 2032K
Oct 12 00:07:04 ylagtab kernel: [    1.241614] Freeing unused kernel image (rodata/data gap) memory: 1340K
Oct 12 00:07:04 ylagtab kernel: [    1.324108] x86/mm: Checked W+X mappings: passed, no W+X pages found.
Oct 12 00:07:04 ylagtab kernel: [    1.324412] Run /sbin/init as init process
Oct 12 00:07:04 ylagtab kernel: [    1.324597]   with arguments:
Oct 12 00:07:04 ylagtab kernel: [    1.324598]     /sbin/init
Oct 12 00:07:04 ylagtab kernel: [    1.324604]   with environment:
Oct 12 00:07:04 ylagtab kernel: [    1.324605]     HOME=/
Oct 12 00:07:04 ylagtab kernel: [    1.324605]     TERM=linux
Oct 12 00:07:04 ylagtab kernel: [    1.324606]     BOOT_IMAGE=/vmlinuz-linus-commit-041bc2
Oct 12 00:07:04 ylagtab kernel: [    1.360580] stty (100) used greatest stack depth: 13584 bytes left
Oct 12 00:07:04 ylagtab kernel: [    1.364574] dmesg (101) used greatest stack depth: 13496 bytes left
Oct 12 00:07:04 ylagtab kernel: [    1.368246] ls (103) used greatest stack depth: 13240 bytes left
Oct 12 00:07:04 ylagtab kernel: [    1.378281] mount (107) used greatest stack depth: 13168 bytes left
Oct 12 00:07:04 ylagtab kernel: [    1.423930] ip (152) used greatest stack depth: 13080 bytes left
Oct 12 00:07:04 ylagtab kernel: <30>[    1.451808] udevd[177]: starting version 3.2.11
Oct 12 00:07:04 ylagtab kernel: [    1.460380] usb 1-1: new full-speed USB device number 2 using ohci-pci
Oct 12 00:07:04 ylagtab kernel: <30>[    1.461783] udevd[178]: starting eudev-3.2.11
Oct 12 00:07:04 ylagtab kernel: [    1.488124] e1000 0000:00:03.0 enp0s3: renamed from eth0
Oct 12 00:07:04 ylagtab kernel: [    1.833975] usb 1-1: New USB device found, idVendor=80ee, idProduct=0021, bcdDevice= 1.00
Oct 12 00:07:04 ylagtab kernel: [    1.834224] usb 1-1: New USB device strings: Mfr=1, Product=3, SerialNumber=0
Oct 12 00:07:04 ylagtab kernel: [    1.834413] usb 1-1: Product: USB Tablet
Oct 12 00:07:04 ylagtab kernel: [    1.834541] usb 1-1: Manufacturer: VirtualBox
Oct 12 00:07:04 ylagtab kernel: [    1.845663] input: VirtualBox USB Tablet as /devices/pci0000:00/0000:00:06.0/usb1/1-1/1-1:1.0/0003:80EE:0021.0001/input/input6
Oct 12 00:07:04 ylagtab kernel: [    1.846501] hid-generic 0003:80EE:0021.0001: input,hidraw0: USB HID v1.10 Mouse [VirtualBox USB Tablet] on usb-0000:00:06.0-1/input0
Oct 12 00:07:04 ylagtab kernel: [    7.515824] Adding 2876412k swap on /dev/sda6.  Priority:1 extents:1 across:2876412k 
Oct 12 00:07:04 ylagtab kernel: [    7.531033] EXT4-fs (sda5): re-mounted. Quota mode: none.
Oct 12 00:07:04 ylagtab kernel: [    7.593673] EXT4-fs (sda5): re-mounted. Quota mode: none.
Oct 12 00:07:04 ylagtab kernel: [    7.611727] EXT4-fs (sda1): mounting ext2 file system using the ext4 subsystem
Oct 12 00:07:04 ylagtab kernel: [    7.616687] EXT4-fs (sda1): mounted filesystem without journal. Quota mode: none.
Oct 12 00:07:04 ylagtab kernel: [    7.617553] ext2 filesystem being mounted at /boot supports timestamps until 2038 (0x7fffffff)
Oct 12 00:07:04 ylagtab kernel: [    8.522757] rc (99) used greatest stack depth: 13056 bytes left
Oct 12 00:07:04 ylagtab kernel: [    8.718335] e1000: enp0s3 NIC Link is Up 1000 Mbps Full Duplex, Flow Control: RX
Oct 12 00:07:04 ylagtab kernel: [    8.718801] IPv6: ADDRCONF(NETDEV_CHANGE): enp0s3: link becomes ready
